1,0,0,0.5,1,0.5,0,50,100,100,100
0,0,0,0,0.5,1,100,100,50,50,50
