1,0,0,0.5,0,0.5,50,1,30,100,0,1,0,1 
0,1,0,1,0,1,100,20,40,50,20,0,1,1 