0,0,0,0.5,0.1,0.1,1,1,1,1,1
0,0,0,0.5,0.1,0.1,2,2,2,2,2
0,0,0,0.5,0.1,0.1,5,5,5,5,5
0,0,0,0.5,0.1,0.1,10,10,10,10,10
0,0,0,0.5,0.1,0.1,20,20,20,20,20
0,0,0,0.5,0.1,0.1,30,30,30,30,30
0,0,0,0.5,0.1,0.1,40,40,40,40,40
0,0,0,0.5,0.1,0.1,50,50,50,50,50